3
07
ut', 'wrong_answer.py', '__pycache__', 'disallowed_system_call.py', 'memory_limit_exceeded.py', 'time_limit_exceeded.py', 'accepted.py', 'run_time_error.py', 'compile_error.py', '0.in', 'a.out']
